------------------------------------------------------------
Timing Analyzer Summary
------------------------------------------------------------

Type  : Slow 1100mV 85C Model Setup 'clock'
Slack : -2.230
TNS   : -99.480

Type  : Slow 1100mV 85C Model Hold 'clock'
Slack : 0.300
TNS   : 0.000

Type  : Slow 1100mV 85C Model Recovery 'clock'
Slack : -1.021
TNS   : -7.748

Type  : Slow 1100mV 85C Model Removal 'clock'
Slack : 0.720
TNS   : 0.000

Type  : Slow 1100mV 85C Model Minimum Pulse Width 'clock'
Slack : -0.538
TNS   : -63.448

Type  : Slow 1100mV 0C Model Setup 'clock'
Slack : -2.258
TNS   : -98.630

Type  : Slow 1100mV 0C Model Hold 'clock'
Slack : 0.278
TNS   : 0.000

Type  : Slow 1100mV 0C Model Recovery 'clock'
Slack : -0.927
TNS   : -7.229

Type  : Slow 1100mV 0C Model Removal 'clock'
Slack : 0.660
TNS   : 0.000

Type  : Slow 1100mV 0C Model Minimum Pulse Width 'clock'
Slack : -0.538
TNS   : -60.517

Type  : Fast 1100mV 85C Model Setup 'clock'
Slack : -0.614
TNS   : -15.974

Type  : Fast 1100mV 85C Model Hold 'clock'
Slack : 0.157
TNS   : 0.000

Type  : Fast 1100mV 85C Model Recovery 'clock'
Slack : -0.010
TNS   : -0.038

Type  : Fast 1100mV 85C Model Removal 'clock'
Slack : 0.307
TNS   : 0.000

Type  : Fast 1100mV 85C Model Minimum Pulse Width 'clock'
Slack : -0.318
TNS   : -23.487

Type  : Fast 1100mV 0C Model Setup 'clock'
Slack : -0.499
TNS   : -10.901

Type  : Fast 1100mV 0C Model Hold 'clock'
Slack : 0.140
TNS   : 0.000

Type  : Fast 1100mV 0C Model Recovery 'clock'
Slack : 0.080
TNS   : 0.000

Type  : Fast 1100mV 0C Model Removal 'clock'
Slack : 0.272
TNS   : 0.000

Type  : Fast 1100mV 0C Model Minimum Pulse Width 'clock'
Slack : -0.303
TNS   : -22.455

------------------------------------------------------------
